Archive member included to satisfy reference by file (symbol)

C:/NXP/S32DS_ARM_v2.2/S32DS/build_tools/gcc_v6.3/gcc-6.3-arm32-eabi/arm-none-eabi/newlib/lib/thumb/v7e-m/fpv4-sp/hard\libc_nano.a(lib_a-exit.o)
                              C:/NXP/S32DS_ARM_v2.2/S32DS/build_tools/gcc_v6.3/gcc-6.3-arm32-eabi/arm-none-eabi/newlib/lib/thumb/v7e-m/fpv4-sp/hard/crt0.o (exit)
C:/NXP/S32DS_ARM_v2.2/S32DS/build_tools/gcc_v6.3/gcc-6.3-arm32-eabi/arm-none-eabi/newlib/lib/thumb/v7e-m/fpv4-sp/hard\libc_nano.a(lib_a-impure.o)
                              C:/NXP/S32DS_ARM_v2.2/S32DS/build_tools/gcc_v6.3/gcc-6.3-arm32-eabi/arm-none-eabi/newlib/lib/thumb/v7e-m/fpv4-sp/hard\libc_nano.a(lib_a-exit.o) (_global_impure_ptr)
C:/NXP/S32DS_ARM_v2.2/S32DS/build_tools/gcc_v6.3/gcc-6.3-arm32-eabi/arm-none-eabi/newlib/lib/thumb/v7e-m/fpv4-sp/hard\libc_nano.a(lib_a-init.o)
                              C:/NXP/S32DS_ARM_v2.2/S32DS/build_tools/gcc_v6.3/gcc-6.3-arm32-eabi/arm-none-eabi/newlib/lib/thumb/v7e-m/fpv4-sp/hard/crt0.o (__libc_init_array)
C:/NXP/S32DS_ARM_v2.2/S32DS/build_tools/gcc_v6.3/gcc-6.3-arm32-eabi/arm-none-eabi/newlib/lib/thumb/v7e-m/fpv4-sp/hard\libc_nano.a(lib_a-memcpy-stub.o)
                              ./SDK/rtos/FreeRTOS_S32K/Source/queue.o (memcpy)
C:/NXP/S32DS_ARM_v2.2/S32DS/build_tools/gcc_v6.3/gcc-6.3-arm32-eabi/arm-none-eabi/newlib/lib/thumb/v7e-m/fpv4-sp/hard\libc_nano.a(lib_a-memset.o)
                              C:/NXP/S32DS_ARM_v2.2/S32DS/build_tools/gcc_v6.3/gcc-6.3-arm32-eabi/arm-none-eabi/newlib/lib/thumb/v7e-m/fpv4-sp/hard/crt0.o (memset)
C:/NXP/S32DS_ARM_v2.2/S32DS/build_tools/gcc_v6.3/gcc-6.3-arm32-eabi/arm-none-eabi/newlib/lib/thumb/v7e-m/fpv4-sp/hard\libc_nano.a(lib_a-strlen.o)
                              ./SDK/rtos/FreeRTOS_S32K/Source/tasks.o (strlen)
C:/NXP/S32DS_ARM_v2.2/S32DS/build_tools/gcc_v6.3/gcc-6.3-arm32-eabi/arm-none-eabi/newlib/lib/thumb/v7e-m/fpv4-sp/hard\libnosys.a(_exit.o)
                              C:/NXP/S32DS_ARM_v2.2/S32DS/build_tools/gcc_v6.3/gcc-6.3-arm32-eabi/arm-none-eabi/newlib/lib/thumb/v7e-m/fpv4-sp/hard\libc_nano.a(lib_a-exit.o) (_exit)

Allocating common symbols
Common symbol       size              file

g_xtal0ClkFreq      0x4               ./SDK/platform/drivers/src/clock/S32K1xx/clock_S32K1xx.o
xQueueRegistry      0x40              ./SDK/rtos/FreeRTOS_S32K/Source/queue.o
g_RtcClkInFreq      0x4               ./SDK/platform/drivers/src/clock/S32K1xx/clock_S32K1xx.o
g_TClkFreq          0xc               ./SDK/platform/drivers/src/clock/S32K1xx/clock_S32K1xx.o

Discarded input sections

 .text          0x00000000        0x0 c:/nxp/s32ds_arm_v2.2/s32ds/build_tools/gcc_v6.3/gcc-6.3-arm32-eabi/bin/../lib/gcc/arm-none-eabi/6.3.1/thumb/v7e-m/fpv4-sp/hard/crti.o
 .data          0x00000000        0x0 c:/nxp/s32ds_arm_v2.2/s32ds/build_tools/gcc_v6.3/gcc-6.3-arm32-eabi/bin/../lib/gcc/arm-none-eabi/6.3.1/thumb/v7e-m/fpv4-sp/hard/crti.o
 .bss           0x00000000        0x0 c:/nxp/s32ds_arm_v2.2/s32ds/build_tools/gcc_v6.3/gcc-6.3-arm32-eabi/bin/../lib/gcc/arm-none-eabi/6.3.1/thumb/v7e-m/fpv4-sp/hard/crti.o
 .text          0x00000000       0xa4 c:/nxp/s32ds_arm_v2.2/s32ds/build_tools/gcc_v6.3/gcc-6.3-arm32-eabi/bin/../lib/gcc/arm-none-eabi/6.3.1/thumb/v7e-m/fpv4-sp/hard/crtbegin.o
 .data          0x00000000        0x4 c:/nxp/s32ds_arm_v2.2/s32ds/build_tools/gcc_v6.3/gcc-6.3-arm32-eabi/bin/../lib/gcc/arm-none-eabi/6.3.1/thumb/v7e-m/fpv4-sp/hard/crtbegin.o
 .bss           0x00000000       0x1c c:/nxp/s32ds_arm_v2.2/s32ds/build_tools/gcc_v6.3/gcc-6.3-arm32-eabi/bin/../lib/gcc/arm-none-eabi/6.3.1/thumb/v7e-m/fpv4-sp/hard/crtbegin.o
 .init_array    0x00000000        0x4 c:/nxp/s32ds_arm_v2.2/s32ds/build_tools/gcc_v6.3/gcc-6.3-arm32-eabi/bin/../lib/gcc/arm-none-eabi/6.3.1/thumb/v7e-m/fpv4-sp/hard/crtbegin.o
 .fini_array    0x00000000        0x4 c:/nxp/s32ds_arm_v2.2/s32ds/build_tools/gcc_v6.3/gcc-6.3-arm32-eabi/bin/../lib/gcc/arm-none-eabi/6.3.1/thumb/v7e-m/fpv4-sp/hard/crtbegin.o
 .eh_frame      0x00000000        0x0 c:/nxp/s32ds_arm_v2.2/s32ds/build_tools/gcc_v6.3/gcc-6.3-arm32-eabi/bin/../lib/gcc/arm-none-eabi/6.3.1/thumb/v7e-m/fpv4-sp/hard/crtbegin.o
 .jcr           0x00000000        0x0 c:/nxp/s32ds_arm_v2.2/s32ds/build_tools/gcc_v6.3/gcc-6.3-arm32-eabi/bin/../lib/gcc/arm-none-eabi/6.3.1/thumb/v7e-m/fpv4-sp/hard/crtbegin.o
 .tm_clone_table
                0x00000000        0x0 c:/nxp/s32ds_arm_v2.2/s32ds/build_tools/gcc_v6.3/gcc-6.3-arm32-eabi/bin/../lib/gcc/arm-none-eabi/6.3.1/thumb/v7e-m/fpv4-sp/hard/crtbegin.o
 .comment       0x00000000       0xa1 c:/nxp/s32ds_arm_v2.2/s32ds/build_tools/gcc_v6.3/gcc-6.3-arm32-eabi/bin/../lib/gcc/arm-none-eabi/6.3.1/thumb/v7e-m/fpv4-sp/hard/crtbegin.o
 .ARM.attributes
                0x00000000       0x34 c:/nxp/s32ds_arm_v2.2/s32ds/build_tools/gcc_v6.3/gcc-6.3-arm32-eabi/bin/../lib/gcc/arm-none-eabi/6.3.1/thumb/v7e-m/fpv4-sp/hard/crtbegin.o
[...]
Memory Configuration

Name             Origin             Length             Attributes
m_interrupts     0x00000000         0x00000400         xr
m_flash_config   0x00000400         0x00000010         xr
m_text           0x00000410         0x0007fbf0         xr
m_data           0x1fff8000         0x00008000         rw
m_data_2         0x20000000         0x00007000         rw
*default*        0x00000000         0xffffffff

Linker script and memory map

LOAD c:/nxp/s32ds_arm_v2.2/s32ds/build_tools/gcc_v6.3/gcc-6.3-arm32-eabi/bin/../lib/gcc/arm-none-eabi/6.3.1/thumb/v7e-m/fpv4-sp/hard/crti.o
LOAD c:/nxp/s32ds_arm_v2.2/s32ds/build_tools/gcc_v6.3/gcc-6.3-arm32-eabi/bin/../lib/gcc/arm-none-eabi/6.3.1/thumb/v7e-m/fpv4-sp/hard/crtbegin.o
LOAD C:/NXP/S32DS_ARM_v2.2/S32DS/build_tools/gcc_v6.3/gcc-6.3-arm32-eabi/arm-none-eabi/newlib/lib/thumb/v7e-m/fpv4-sp/hard/crt0.o
LOAD ./Generated_Code/Cpu.o
LOAD ./Generated_Code/clockMan1.o
LOAD ./Generated_Code/pin_mux.o
LOAD ./Project_Settings/Startup_Code/startup_S32K144.o
LOAD ./SDK/platform/devices/S32K144/startup/system_S32K144.o
LOAD ./SDK/platform/devices/startup.o
LOAD ./SDK/platform/drivers/src/clock/S32K1xx/clock_S32K1xx.o
LOAD ./SDK/platform/drivers/src/interrupt/interrupt_manager.o
LOAD ./SDK/platform/drivers/src/pins/pins_driver.o
LOAD ./SDK/platform/drivers/src/pins/pins_port_hw_access.o
LOAD ./SDK/rtos/FreeRTOS_S32K/Source/croutine.o
LOAD ./SDK/rtos/FreeRTOS_S32K/Source/event_groups.o
LOAD ./SDK/rtos/FreeRTOS_S32K/Source/list.o
LOAD ./SDK/rtos/FreeRTOS_S32K/Source/queue.o
LOAD ./SDK/rtos/FreeRTOS_S32K/Source/stream_buffer.o
LOAD ./SDK/rtos/FreeRTOS_S32K/Source/tasks.o
LOAD ./SDK/rtos/FreeRTOS_S32K/Source/timers.o
LOAD ./SDK/rtos/FreeRTOS_S32K/Source/portable/GCC/ARM_CM4F/port.o
LOAD ./SDK/rtos/FreeRTOS_S32K/Source/portable/MemMang/heap_2.o
LOAD ./Sources/app/app.o
LOAD ./Sources/bsp/bsp_board.o
LOAD ./Sources/bsp/bsp_hooks.o
LOAD ./Sources/drivers/adc/adc_drv.o
LOAD ./Sources/drivers/can/can_drv.o
LOAD ./Sources/drivers/gpio/gpio_drv.o
LOAD ./Sources/drivers/lpuart/lpuart_drv.o
LOAD ./Sources/drivers/peripherals.o
LOAD ./Sources/main.o
LOAD ./Sources/tasks/task_startup.o
START GROUP
LOAD c:/nxp/s32ds_arm_v2.2/s32ds/build_tools/gcc_v6.3/gcc-6.3-arm32-eabi/bin/../lib/gcc/arm-none-eabi/6.3.1/thumb/v7e-m/fpv4-sp/hard\libgcc.a
LOAD C:/NXP/S32DS_ARM_v2.2/S32DS/build_tools/gcc_v6.3/gcc-6.3-arm32-eabi/arm-none-eabi/newlib/lib/thumb/v7e-m/fpv4-sp/hard\libc_nano.a
END GROUP
START GROUP
LOAD c:/nxp/s32ds_arm_v2.2/s32ds/build_tools/gcc_v6.3/gcc-6.3-arm32-eabi/bin/../lib/gcc/arm-none-eabi/6.3.1/thumb/v7e-m/fpv4-sp/hard\libgcc.a
LOAD C:/NXP/S32DS_ARM_v2.2/S32DS/build_tools/gcc_v6.3/gcc-6.3-arm32-eabi/arm-none-eabi/newlib/lib/thumb/v7e-m/fpv4-sp/hard\libc_nano.a
LOAD C:/NXP/S32DS_ARM_v2.2/S32DS/build_tools/gcc_v6.3/gcc-6.3-arm32-eabi/arm-none-eabi/newlib/lib/thumb/v7e-m/fpv4-sp/hard\libnosys.a
END GROUP
START GROUP
LOAD c:/nxp/s32ds_arm_v2.2/s32ds/build_tools/gcc_v6.3/gcc-6.3-arm32-eabi/bin/../lib/gcc/arm-none-eabi/6.3.1/thumb/v7e-m/fpv4-sp/hard\libgcc.a
LOAD C:/NXP/S32DS_ARM_v2.2/S32DS/build_tools/gcc_v6.3/gcc-6.3-arm32-eabi/arm-none-eabi/newlib/lib/thumb/v7e-m/fpv4-sp/hard\libc_nano.a
LOAD C:/NXP/S32DS_ARM_v2.2/S32DS/build_tools/gcc_v6.3/gcc-6.3-arm32-eabi/arm-none-eabi/newlib/lib/thumb/v7e-m/fpv4-sp/hard\libnosys.a
END GROUP
LOAD c:/nxp/s32ds_arm_v2.2/s32ds/build_tools/gcc_v6.3/gcc-6.3-arm32-eabi/bin/../lib/gcc/arm-none-eabi/6.3.1/thumb/v7e-m/fpv4-sp/hard/crtend.o
LOAD c:/nxp/s32ds_arm_v2.2/s32ds/build_tools/gcc_v6.3/gcc-6.3-arm32-eabi/bin/../lib/gcc/arm-none-eabi/6.3.1/thumb/v7e-m/fpv4-sp/hard/crtn.o
                0x00000400                HEAP_SIZE = DEFINED (__heap_size__)?__heap_size__:0x400
                0x00000400                STACK_SIZE = DEFINED (__stack_size__)?__stack_size__:0x400
                0x00000400                M_VECTOR_RAM_SIZE = DEFINED (__flash_vector_table__)?0x0:0x400

.interrupts     0x00000000      0x400
                0x00000000                __VECTOR_TABLE = .
                0x00000000                __interrupts_start__ = .
                0x00000000                . = ALIGN (0x4)
 *(.isr_vector)
 .isr_vector    0x00000000      0x400 ./Project_Settings/Startup_Code/startup_S32K144.o
                0x00000000                __isr_vector
                0x00000400                __interrupts_end__ = .
                0x00000400                . = ALIGN (0x4)

.flash_config   0x00000400       0x10
                0x00000400                . = ALIGN (0x4)
 *(.FlashConfig)
 .FlashConfig   0x00000400       0x10 ./Project_Settings/Startup_Code/startup_S32K144.o
                0x00000410                . = ALIGN (0x4)

.text           0x00000410     0x2c90
                0x00000410                . = ALIGN (0x4)
 *(.text)
 .text          0x00000410       0x6c ./Project_Settings/Startup_Code/startup_S32K144.o
                0x00000410                Reset_Handler
                0x00000478                DebugMon_Handler
                0x00000478                Reserved88_IRQHandler
                0x00000478                CAN0_ORed_IRQHandler
                0x00000478                HardFault_Handler
                0x00000478                Reserved86_IRQHandler
                0x00000478                Reserved103_IRQHandler
                0x00000478                FTM2_Ovf_Reload_IRQHandler
                0x00000478                Reserved50_IRQHandler
                0x00000478                FTFC_Fault_IRQHandler
                0x00000478                FTM0_Ch6_Ch7_IRQHandler
                0x00000478                Reserved114_IRQHandler
                0x00000478                NMI_Handler
                0x00000478                Reserved89_IRQHandler
                0x00000478                ERM_double_fault_IRQHandler
                0x00000478                DMA2_IRQHandler
                0x00000478                Reserved59_IRQHandler
                0x00000478                LPIT0_Ch0_IRQHandler
                0x00000478                Reserved99_IRQHandler
                0x00000478                FTM3_Ch6_Ch7_IRQHandler
                0x00000478                CAN2_ORed_0_15_MB_IRQHandler
                0x00000478                LPIT0_Ch3_IRQHandler
                0x00000478                Reserved92_IRQHandler
                0x00000478                FTM0_Ch4_Ch5_IRQHandler
                0x00000478                CAN1_Error_IRQHandler
                0x00000478                FTM3_Ch0_Ch1_IRQHandler
                0x00000478                SWI_IRQHandler
                0x00000478                ADC0_IRQHandler
                0x00000478                FTM2_Ch4_Ch5_IRQHandler
                0x00000478                UsageFault_Handler
                0x00000478                FTM0_Ovf_Reload_IRQHandler
                0x00000478                DefaultISR
                0x00000478                DMA9_IRQHandler
                0x00000478                Reserved58_IRQHandler
                0x00000478                CAN1_ORed_0_15_MB_IRQHandler
                0x00000478                FTM1_Ch2_Ch3_IRQHandler
                0x00000478                DMA14_IRQHandler
                0x00000478                Reserved82_IRQHandler
                0x00000478                CAN0_ORed_16_31_MB_IRQHandler
                0x00000478                LPI2C0_Slave_IRQHandler
                0x00000478                Reserved71_IRQHandler
                0x00000478                PORTD_IRQHandler
                0x00000478                Reserved69_IRQHandler
                0x00000478                PORTB_IRQHandler
                0x00000478                Reserved70_IRQHandler
                0x00000478                ADC1_IRQHandler
                0x00000478                FTM2_Ch2_Ch3_IRQHandler
                0x00000478                Reserved53_IRQHandler
                0x00000478                DMA5_IRQHandler
                0x00000478                RTC_IRQHandler
                0x00000478                PDB0_IRQHandler
                0x00000478                Reserved54_IRQHandler
                0x00000478                FTM2_Ch6_Ch7_IRQHandler
                0x00000478                FTM3_Ch2_Ch3_IRQHandler
                0x00000478                FTM2_Ch0_Ch1_IRQHandler
                0x00000478                LPSPI1_IRQHandler
                0x00000478                LPUART1_RxTx_IRQHandler
                0x00000478                RTC_Seconds_IRQHandler
                0x00000478                CAN2_ORed_IRQHandler
                0x00000478                Reserved72_IRQHandler
                0x00000478                Reserved110_IRQHandler
                0x00000478                DMA11_IRQHandler
                0x00000478                Reserved107_IRQHandler
                0x00000478                Read_Collision_IRQHandler
                0x00000478                CAN2_Error_IRQHandler
                0x00000478                FTFC_IRQHandler
                0x00000478                DMA7_IRQHandler
                0x00000478                FTM1_Ch6_Ch7_IRQHandler
                0x00000478                Reserved105_IRQHandler
                0x00000478                LPIT0_Ch1_IRQHandler
                0x00000478                FTM1_Ch4_Ch5_IRQHandler
                0x00000478                FTM3_Ovf_Reload_IRQHandler
                0x00000478                LPUART2_RxTx_IRQHandler
                0x00000478                LPSPI0_IRQHandler
                0x00000478                WDOG_EWM_IRQHandler
                0x00000478                MemManage_Handler
                0x00000478                Reserved90_IRQHandler
                0x00000478                Reserved83_IRQHandler
                0x00000478                FTM0_Fault_IRQHandler
                0x00000478                Reserved48_IRQHandler
                0x00000478                ERM_single_fault_IRQHandler
                0x00000478                FTM2_Fault_IRQHandler
                0x00000478                FTM0_Ch2_Ch3_IRQHandler
                0x00000478                DMA13_IRQHandler
                0x00000478                FTM0_Ch0_Ch1_IRQHandler
                0x00000478                FTM3_Fault_IRQHandler
                0x00000478                RCM_IRQHandler
                0x00000478                DMA3_IRQHandler
                0x00000478                Reserved100_IRQHandler
                0x00000478                DMA0_IRQHandler
                0x00000478                Reserved91_IRQHandler
                0x00000478                CAN1_ORed_IRQHandler
                0x00000478                DMA15_IRQHandler
                0x00000478                SCG_IRQHandler
                0x00000478                PDB1_IRQHandler
                0x00000478                Reserved81_IRQHandler
                0x00000478                Reserved46_IRQHandler
                0x00000478                Reserved45_IRQHandler
                0x00000478                CAN0_Error_IRQHandler
                0x00000478                Reserved112_IRQHandler
                0x00000478                LPI2C0_Master_IRQHandler
                0x00000478                DMA4_IRQHandler
                0x00000478                FTM1_Fault_IRQHandler
                0x00000478                Reserved106_IRQHandler
                0x00000478                DMA_Error_IRQHandler
                0x00000478                LVD_LVW_IRQHandler
                0x00000478                LPIT0_Ch2_IRQHandler
                0x00000478                PORTA_IRQHandler
                0x00000478                MCM_IRQHandler
                0x00000478                LPSPI2_IRQHandler
                0x00000478                DMA12_IRQHandler
                0x00000478                FTM3_Ch4_Ch5_IRQHandler
                0x00000478                CAN0_ORed_0_15_MB_IRQHandler
                0x00000478                PORTE_IRQHandler
                0x00000478                LPUART0_RxTx_IRQHandler
                0x00000478                LPTMR0_IRQHandler
                0x00000478                BusFault_Handler
                0x00000478                Reserved87_IRQHandler
                0x00000478                FTM1_Ovf_Reload_IRQHandler
                0x00000478                DMA8_IRQHandler
                0x00000478                Reserved93_IRQHandler
                0x00000478                DMA10_IRQHandler
                0x00000478                CAN0_Wake_Up_IRQHandler
                0x00000478                CMP0_IRQHandler
                0x00000478                Reserved52_IRQHandler
                0x00000478                PORTC_IRQHandler
                0x00000478                DMA6_IRQHandler
                0x00000478                FTM1_Ch0_Ch1_IRQHandler
                0x00000478                FLEXIO_IRQHandler
                0x00000478                DMA1_IRQHandler
                0x00000478                Reserved113_IRQHandler
 *(.text*)
 .text.SystemInit
                0x0000047c       0x3c ./SDK/platform/devices/S32K144/startup/system_S32K144.o
                0x0000047c                SystemInit
 .text.init_data_bss
                0x000004b8       0xd8 ./SDK/platform/devices/startup.o
                0x000004b8                init_data_bss
 .text.CLOCK_SYS_GetCurrentRunMode
                0x00000590       0x24 ./SDK/platform/drivers/src/clock/S32K1xx/clock_S32K1xx.o
 .text.CLOCK_SYS_GetSysOscFreq
                0x000005b4       0x1c ./SDK/platform/drivers/src/clock/S32K1xx/clock_S32K1xx.o
 .text.CLOCK_SYS_ConfigureSOSC
                0x000005d0      0x12c ./SDK/platform/drivers/src/clock/S32K1xx/clock_S32K1xx.o
 .text.CLOCK_SYS_GetSircFreq
                0x000006fc       0x2c ./SDK/platform/drivers/src/clock/S32K1xx/clock_S32K1xx.o
 .text.CLOCK_SYS_ConfigureSIRC
                0x00000728       0xc4 ./SDK/platform/drivers/src/clock/S32K1xx/clock_S32K1xx.o
 .text.CLOCK_SYS_GetFircFreq
                0x000007ec       0x20 ./SDK/platform/drivers/src/clock/S32K1xx/clock_S32K1xx.o
 .text.CLOCK_SYS_ConfigureFIRC
                0x0000080c       0xb4 ./SDK/platform/drivers/src/clock/S32K1xx/clock_S32K1xx.o
 .text.CLOCK_SYS_GetSysPllFreq
                0x000008c0       0x44 ./SDK/platform/drivers/src/clock/S32K1xx/clock_S32K1xx.o
 .text.CLOCK_SYS_ConfigureSPLL
                0x00000904      0x12c ./SDK/platform/drivers/src/clock/S32K1xx/clock_S32K1xx.o
 .text.CLOCK_SYS_SetSystemClockConfig
                0x00000a30      0x204 ./SDK/platform/drivers/src/clock/S32K1xx/clock_S32K1xx.o
 .text.CLOCK_SYS_TransitionSystemClock
                0x00000c34       0x54 ./SDK/platform/drivers/src/clock/S32K1xx/clock_S32K1xx.o
 .text.CLOCK_DRV_Init
                0x00000c88      0x590 ./SDK/platform/drivers/src/clock/S32K1xx/clock_S32K1xx.o
                0x00000c88                CLOCK_DRV_Init
 .text.CLOCK_SYS_Init
                0x00001218       0x28 ./SDK/platform/drivers/src/clock/S32K1xx/clock_S32K1xx.o
                0x00001218                CLOCK_SYS_Init
 .text.CLOCK_SYS_UpdateConfiguration
                0x00001240       0xf4 ./SDK/platform/drivers/src/clock/S32K1xx/clock_S32K1xx.o
                0x00001240                CLOCK_SYS_UpdateConfiguration
 .text.INT_SYS_EnableIRQGlobal
                0x00001334       0x1c ./SDK/platform/drivers/src/interrupt/interrupt_manager.o
                0x00001334                INT_SYS_EnableIRQGlobal
 .text.INT_SYS_DisableIRQGlobal
                0x00001350       0x10 ./SDK/platform/drivers/src/interrupt/interrupt_manager.o
                0x00001350                INT_SYS_DisableIRQGlobal
 .text.PINS_DRV_Init
                0x00001360       0x20 ./SDK/platform/drivers/src/pins/pins_driver.o
                0x00001360                PINS_DRV_Init
 .text.PINS_GetAdcInterleaveVal
                0x00001380       0x70 ./SDK/platform/drivers/src/pins/pins_port_hw_access.o
 .text.PINS_Init
                0x000013f0      0x138 ./SDK/platform/drivers/src/pins/pins_port_hw_access.o
                0x000013f0                PINS_Init
 .text.vListInitialise
                0x00001528       0x16 ./SDK/rtos/FreeRTOS_S32K/Source/list.o
                0x00001528                vListInitialise
 .text.vListInitialiseItem
                0x0000153e        0x6 ./SDK/rtos/FreeRTOS_S32K/Source/list.o
                0x0000153e                vListInitialiseItem
 .text.vListInsertEnd
                0x00001544       0x18 ./SDK/rtos/FreeRTOS_S32K/Source/list.o
                0x00001544                vListInsertEnd
 .text.vListInsert
                0x0000155c       0x34 ./SDK/rtos/FreeRTOS_S32K/Source/list.o
                0x0000155c                vListInsert
 .text.uxListRemove
                0x00001590       0x26 ./SDK/rtos/FreeRTOS_S32K/Source/list.o
                0x00001590                uxListRemove
 .text.prvIsQueueEmpty
                0x000015b6       0x16 ./SDK/rtos/FreeRTOS_S32K/Source/queue.o
 .text.prvCopyDataToQueue
                0x000015cc       0x76 ./SDK/rtos/FreeRTOS_S32K/Source/queue.o
 .text.prvCopyDataFromQueue
                0x00001642       0x24 ./SDK/rtos/FreeRTOS_S32K/Source/queue.o
 .text.prvUnlockQueue
                0x00001666       0x82 ./SDK/rtos/FreeRTOS_S32K/Source/queue.o
 .text.xQueueGenericReset
                0x000016e8       0x80 ./SDK/rtos/FreeRTOS_S32K/Source/queue.o
                0x000016e8                xQueueGenericReset
 .text.xQueueGenericCreate
                0x00001768       0x44 ./SDK/rtos/FreeRTOS_S32K/Source/queue.o
                0x00001768                xQueueGenericCreate
 .text.xQueueGenericSend
                0x000017ac      0x188 ./SDK/rtos/FreeRTOS_S32K/Source/queue.o
                0x000017ac                xQueueGenericSend
 .text.xQueueGenericSendFromISR
                0x00001934       0xd6 ./SDK/rtos/FreeRTOS_S32K/Source/queue.o
                0x00001934                xQueueGenericSendFromISR
 *fill*         0x00001a0a        0x2 
 .text.xQueueReceive
                0x00001a0c      0x158 ./SDK/rtos/FreeRTOS_S32K/Source/queue.o
                0x00001a0c                xQueueReceive
 .text.vQueueAddToRegistry
                0x00001b64       0x34 ./SDK/rtos/FreeRTOS_S32K/Source/queue.o
                0x00001b64                vQueueAddToRegistry
 .text.vQueueWaitForMessageRestricted
                0x00001b98       0x4e ./SDK/rtos/FreeRTOS_S32K/Source/queue.o
                0x00001b98                vQueueWaitForMessageRestricted
 *fill*         0x00001be6        0x2 
 .text.prvResetNextTaskUnblockTime
                0x00001be8       0x2c ./SDK/rtos/FreeRTOS_S32K/Source/tasks.o
 .text.prvAddCurrentTaskToDelayedList
                0x00001c14       0xa0 ./SDK/rtos/FreeRTOS_S32K/Source/tasks.o
 .text.prvIdleTask
                0x00001cb4       0x74 ./SDK/rtos/FreeRTOS_S32K/Source/tasks.o
 .text.xTaskCreate
                0x00001d28      0x1e4 ./SDK/rtos/FreeRTOS_S32K/Source/tasks.o
                0x00001d28                xTaskCreate
 .text.vTaskStartScheduler
                0x00001f0c       0x84 ./SDK/rtos/FreeRTOS_S32K/Source/tasks.o
                0x00001f0c                vTaskStartScheduler
 .text.vTaskSuspendAll
                0x00001f90       0x10 ./SDK/rtos/FreeRTOS_S32K/Source/tasks.o
                0x00001f90                vTaskSuspendAll
 .text.xTaskGetTickCount
                0x00001fa0        0xc ./SDK/rtos/FreeRTOS_S32K/Source/tasks.o
                0x00001fa0                xTaskGetTickCount
 .text.xTaskIncrementTick
                0x00001fac      0x138 ./SDK/rtos/FreeRTOS_S32K/Source/tasks.o
                0x00001fac                xTaskIncrementTick
 .text.xTaskResumeAll
                0x000020e4      0x100 ./SDK/rtos/FreeRTOS_S32K/Source/tasks.o
                0x000020e4                xTaskResumeAll
 .text.vTaskDelay
                0x000021e4       0x4c ./SDK/rtos/FreeRTOS_S32K/Source/tasks.o
                0x000021e4                vTaskDelay
 .text.vTaskSwitchContext
                0x00002230       0xc4 ./SDK/rtos/FreeRTOS_S32K/Source/tasks.o
                0x00002230                vTaskSwitchContext
 .text.vTaskPlaceOnEventList
                0x000022f4       0x30 ./SDK/rtos/FreeRTOS_S32K/Source/tasks.o
                0x000022f4                vTaskPlaceOnEventList
 .text.vTaskPlaceOnEventListRestricted
                0x00002324       0x3c ./SDK/rtos/FreeRTOS_S32K/Source/tasks.o
                0x00002324                vTaskPlaceOnEventListRestricted
 .text.xTaskRemoveFromEventList
                0x00002360       0x88 ./SDK/rtos/FreeRTOS_S32K/Source/tasks.o
                0x00002360                xTaskRemoveFromEventList
 .text.vTaskInternalSetTimeOutState
                0x000023e8       0x18 ./SDK/rtos/FreeRTOS_S32K/Source/tasks.o
                0x000023e8                vTaskInternalSetTimeOutState
 .text.xTaskCheckForTimeOut
                0x00002400       0x9c ./SDK/rtos/FreeRTOS_S32K/Source/tasks.o
                0x00002400                xTaskCheckForTimeOut
 .text.vTaskMissedYield
                0x0000249c        0xc ./SDK/rtos/FreeRTOS_S32K/Source/tasks.o
                0x0000249c                vTaskMissedYield
 .text.xTaskGetSchedulerState
                0x000024a8       0x20 ./SDK/rtos/FreeRTOS_S32K/Source/tasks.o
                0x000024a8                xTaskGetSchedulerState
 .text.xTaskPriorityDisinherit
                0x000024c8       0xb0 ./SDK/rtos/FreeRTOS_S32K/Source/tasks.o
                0x000024c8                xTaskPriorityDisinherit
 .text.prvInsertTimerInActiveList
                0x00002578       0x48 ./SDK/rtos/FreeRTOS_S32K/Source/timers.o
 .text.prvCheckForValidListAndQueue
                0x000025c0       0x5c ./SDK/rtos/FreeRTOS_S32K/Source/timers.o
 .text.xTimerCreateTimerTask
                0x0000261c       0x4c ./SDK/rtos/FreeRTOS_S32K/Source/timers.o
                0x0000261c                xTimerCreateTimerTask
 .text.xTimerGenericCommand
                0x00002668       0x60 ./SDK/rtos/FreeRTOS_S32K/Source/timers.o
                0x00002668                xTimerGenericCommand
 .text.prvSampleTimeNow
                0x000026c8       0xa8 ./SDK/rtos/FreeRTOS_S32K/Source/timers.o
 .text.prvTimerTask
                0x00002770      0x1c8 ./SDK/rtos/FreeRTOS_S32K/Source/timers.o
 .text.prvTaskExitError
                0x00002938       0x40 ./SDK/rtos/FreeRTOS_S32K/Source/portable/GCC/ARM_CM4F/port.o
 .text.prvPortStartFirstTask
                0x00002978       0x28 ./SDK/rtos/FreeRTOS_S32K/Source/portable/GCC/ARM_CM4F/port.o
 .text.vPortEnableVFP
                0x000029a0       0x14 ./SDK/rtos/FreeRTOS_S32K/Source/portable/GCC/ARM_CM4F/port.o
 .text.pxPortInitialiseStack
                0x000029b4       0x2c ./SDK/rtos/FreeRTOS_S32K/Source/portable/GCC/ARM_CM4F/port.o
                0x000029b4                pxPortInitialiseStack
 .text.SVC_Handler
                0x000029e0       0x24 ./SDK/rtos/FreeRTOS_S32K/Source/portable/GCC/ARM_CM4F/port.o
                0x000029e0                SVC_Handler
 .text.vPortEnterCritical
                0x00002a04       0x44 ./SDK/rtos/FreeRTOS_S32K/Source/portable/GCC/ARM_CM4F/port.o
                0x00002a04                vPortEnterCritical
 .text.vPortExitCritical
                0x00002a48       0x2c ./SDK/rtos/FreeRTOS_S32K/Source/portable/GCC/ARM_CM4F/port.o
                0x00002a48                vPortExitCritical
 *fill*         0x00002a74        0xc 
 .text.PendSV_Handler
                0x00002a80       0x64 ./SDK/rtos/FreeRTOS_S32K/Source/portable/GCC/ARM_CM4F/port.o
                0x00002a80                PendSV_Handler
 .text.SysTick_Handler
                0x00002ae4       0x2c ./SDK/rtos/FreeRTOS_S32K/Source/portable/GCC/ARM_CM4F/port.o
                0x00002ae4                SysTick_Handler
 .text.vPortSetupTimerInterrupt
                0x00002b10       0x24 ./SDK/rtos/FreeRTOS_S32K/Source/portable/GCC/ARM_CM4F/port.o
                0x00002b10                vPortSetupTimerInterrupt
 .text.xPortStartScheduler
                0x00002b34      0x118 ./SDK/rtos/FreeRTOS_S32K/Source/portable/GCC/ARM_CM4F/port.o
                0x00002b34                xPortStartScheduler
 .text.vPortValidateInterruptPriority
                0x00002c4c       0x5c ./SDK/rtos/FreeRTOS_S32K/Source/portable/GCC/ARM_CM4F/port.o
                0x00002c4c                vPortValidateInterruptPriority
 .text.pvPortMalloc
                0x00002ca8       0xd0 ./SDK/rtos/FreeRTOS_S32K/Source/portable/MemMang/heap_2.o
                0x00002ca8                pvPortMalloc
 .text.vPortFree
                0x00002d78       0x44 ./SDK/rtos/FreeRTOS_S32K/Source/portable/MemMang/heap_2.o
                0x00002d78                vPortFree
 .text.rtos_start
                0x00002dbc       0x3a ./Sources/app/app.o
                0x00002dbc                rtos_start
 *fill*         0x00002df6        0x2 
 .text.bsp_board_init
                0x00002df8       0x2c ./Sources/bsp/bsp_board.o
                0x00002df8                bsp_board_init
 .text.vApplicationMallocFailedHook
                0x00002e24       0x12 ./Sources/bsp/bsp_hooks.o
                0x00002e24                vApplicationMallocFailedHook
 .text.vApplicationStackOverflowHook
                0x00002e36       0x12 ./Sources/bsp/bsp_hooks.o
                0x00002e36                vApplicationStackOverflowHook
 .text.vApplicationIdleHook
                0x00002e48        0x2 ./Sources/bsp/bsp_hooks.o
                0x00002e48                vApplicationIdleHook
 .text.vApplicationTickHook
                0x00002e4a        0x2 ./Sources/bsp/bsp_hooks.o
                0x00002e4a                vApplicationTickHook
 .text.adc_drv_init
                0x00002e4c        0x2 ./Sources/drivers/adc/adc_drv.o
                0x00002e4c                adc_drv_init
 .text.can_drv_init
                0x00002e4e        0x2 ./Sources/drivers/can/can_drv.o
                0x00002e4e                can_drv_init
 .text.gpio_drv_init
                0x00002e50        0x2 ./Sources/drivers/gpio/gpio_drv.o
                0x00002e50                gpio_drv_init
 .text.lpuart_drv_init
                0x00002e52        0x2 ./Sources/drivers/lpuart/lpuart_drv.o
                0x00002e52                lpuart_drv_init
 .text.peripherals_init
                0x00002e54       0x14 ./Sources/drivers/peripherals.o
                0x00002e54                peripherals_init
 .text.main     0x00002e68       0x18 ./Sources/main.o
                0x00002e68                main
 .text.task_startup_entry
                0x00002e80        0xe ./Sources/tasks/task_startup.o
 *fill*         0x00002e8e        0x2 
 .text.task_startup_create
                0x00002e90       0x24 ./Sources/tasks/task_startup.o
                0x00002e90                task_startup_create
 .text.memcpy   0x00002eb4       0x16 C:/NXP/S32DS_ARM_v2.2/S32DS/build_tools/gcc_v6.3/gcc-6.3-arm32-eabi/arm-none-eabi/newlib/lib/thumb/v7e-m/fpv4-sp/hard\libc_nano.a(lib_a-memcpy-stub.o)
                0x00002eb4                memcpy
 .text.memset   0x00002eca       0x10 C:/NXP/S32DS_ARM_v2.2/S32DS/build_tools/gcc_v6.3/gcc-6.3-arm32-eabi/arm-none-eabi/newlib/lib/thumb/v7e-m/fpv4-sp/hard\libc_nano.a(lib_a-memset.o)
                0x00002eca                memset
 *(.rodata)
 *(.rodata*)
 *fill*         0x00002eda        0x2 
 .rodata.clockNameMappings
                0x00002edc       0x9e ./SDK/platform/drivers/src/clock/S32K1xx/clock_S32K1xx.o
                0x00002edc                clockNameMappings
 *fill*         0x00002f7a        0x2 
 .rodata.maxSysClksInHSRUN.7602
                0x00002f7c       0x54 ./SDK/platform/drivers/src/clock/S32K1xx/clock_S32K1xx.o
 .rodata.maxSysClksInRUN.7601
                0x00002fd0       0x54 ./SDK/platform/drivers/src/clock/S32K1xx/clock_S32K1xx.o
 .rodata.maxSysClksInVLPR.7600
                0x00003024       0x54 ./SDK/platform/drivers/src/clock/S32K1xx/clock_S32K1xx.o
 .rodata.vTaskStartScheduler.str1.4
                0x00003078        0x5 ./SDK/rtos/FreeRTOS_S32K/Source/tasks.o
 *fill*         0x0000307d        0x3 
 .rodata.prvCheckForValidListAndQueue.str1.4
                0x00003080        0x5 ./SDK/rtos/FreeRTOS_S32K/Source/timers.o
 *fill*         0x00003085        0x3 
 .rodata.xTimerCreateTimerTask.str1.4
                0x00003088        0x8 ./SDK/rtos/FreeRTOS_S32K/Source/timers.o
 .rodata.task_startup_create.str1.4
                0x00003090        0x8 ./Sources/tasks/task_startup.o
 *(.init)
 .init          0x00003098        0x4 c:/nxp/s32ds_arm_v2.2/s32ds/build_tools/gcc_v6.3/gcc-6.3-arm32-eabi/bin/../lib/gcc/arm-none-eabi/6.3.1/thumb/v7e-m/fpv4-sp/hard/crti.o
                0x00003098                _init
 *(.fini)
 .fini          0x0000309c        0x4 c:/nxp/s32ds_arm_v2.2/s32ds/build_tools/gcc_v6.3/gcc-6.3-arm32-eabi/bin/../lib/gcc/arm-none-eabi/6.3.1/thumb/v7e-m/fpv4-sp/hard/crti.o
                0x0000309c                _fini
 *(.eh_frame)
                0x000030a0                . = ALIGN (0x4)

.glue_7         0x000030a0        0x0
 .glue_7        0x000030a0        0x0 linker stubs

.glue_7t        0x000030a0        0x0
 .glue_7t       0x000030a0        0x0 linker stubs

.vfp11_veneer   0x000030a0        0x0
 .vfp11_veneer  0x000030a0        0x0 linker stubs

.v4_bx          0x000030a0        0x0
 .v4_bx         0x000030a0        0x0 linker stubs

.iplt           0x000030a0        0x0
 .iplt          0x000030a0        0x0 c:/nxp/s32ds_arm_v2.2/s32ds/build_tools/gcc_v6.3/gcc-6.3-arm32-eabi/bin/../lib/gcc/arm-none-eabi/6.3.1/thumb/v7e-m/fpv4-sp/hard/crtbegin.o

.rel.dyn        0x000030a0        0x0
 .rel.iplt      0x000030a0        0x0 c:/nxp/s32ds_arm_v2.2/s32ds/build_tools/gcc_v6.3/gcc-6.3-arm32-eabi/bin/../lib/gcc/arm-none-eabi/6.3.1/thumb/v7e-m/fpv4-sp/hard/crtbegin.o

.ARM            0x000030a0        0x0
                0x000030a0                __exidx_start = .
 *(.ARM.exidx*)
                0x000030a0                __exidx_end = .
                0x000030a0                __etext = .
                0x000030a0                __DATA_ROM = .

.interrupts_ram
                0x1fff8000      0x400
                0x1fff8000                . = ALIGN (0x4)
                0x1fff8000                __VECTOR_RAM__ = .
                0x1fff8000                __RAM_START = .
                0x1fff8000                __interrupts_ram_start__ = .
 *(.m_interrupts_ram)
                0x1fff8400                . = (. + M_VECTOR_RAM_SIZE)
 *fill*         0x1fff8000      0x400 
                0x1fff8400                . = ALIGN (0x4)
                0x1fff8400                __interrupts_ram_end__ = .
                0x1fff8000                __VECTOR_RAM = DEFINED (__flash_vector_table__)?ORIGIN (m_interrupts):__VECTOR_RAM__
                0x00000400                __RAM_VECTOR_TABLE_SIZE = DEFINED (__flash_vector_table__)?0x0:(__interrupts_ram_end__ - __interrupts_ram_start__)

.data           0x1fff8400      0x218 load address 0x000030a0
                0x1fff8400                . = ALIGN (0x4)
                0x1fff8400                __DATA_RAM = .
                0x1fff8400                __data_start__ = .
 *(.data)
 *(.data*)
 .data.clockMan1_InitConfig0
                0x1fff8400       0x78 ./Generated_Code/clockMan1.o
                0x1fff8400                clockMan1_InitConfig0
 .data.g_clockManConfigsArr
                0x1fff8478        0x4 ./Generated_Code/clockMan1.o
                0x1fff8478                g_clockManConfigsArr
 .data.peripheralClockConfig0
                0x1fff847c       0x19 ./Generated_Code/clockMan1.o
                0x1fff847c                peripheralClockConfig0
 *fill*         0x1fff8495        0x3 
 .data.g_pin_mux_InitConfigArr
                0x1fff8498       0xd8 ./Generated_Code/pin_mux.o
                0x1fff8498                g_pin_mux_InitConfigArr
 .data.peripheralClockConfig.7364
                0x1fff8570       0xa0 ./SDK/platform/drivers/src/clock/S32K1xx/clock_S32K1xx.o
 .data.uxCriticalNesting
                0x1fff8610        0x4 ./SDK/rtos/FreeRTOS_S32K/Source/portable/GCC/ARM_CM4F/port.o
 .data.xFreeBytesRemaining
                0x1fff8614        0x4 ./SDK/rtos/FreeRTOS_S32K/Source/portable/MemMang/heap_2.o
                0x1fff8618                . = ALIGN (0x4)
                0x1fff8618                __data_end__ = .
                0x000032b8                __DATA_END = (__DATA_ROM + (__data_end__ - __data_start__))
                0x000032b8                __CODE_ROM = __DATA_END

.igot.plt       0x1fff8618        0x0 load address 0x000032b8
 .igot.plt      0x1fff8618        0x0 c:/nxp/s32ds_arm_v2.2/s32ds/build_tools/gcc_v6.3/gcc-6.3-arm32-eabi/bin/../lib/gcc/arm-none-eabi/6.3.1/thumb/v7e-m/fpv4-sp/hard/crtbegin.o

.code           0x1fff8618        0x0 load address 0x000032b8
                0x1fff8618                . = ALIGN (0x4)
                0x1fff8618                __CODE_RAM = .
                0x1fff8618                __code_start__ = .
                0x1fff8618                __code_ram_start__ = .
 *(.code_ram)
                0x1fff8618                . = ALIGN (0x4)
                0x1fff8618                __code_end__ = .
                0x1fff8618                __code_ram_end__ = .
                0x000032b8                __CODE_END = (__CODE_ROM + (__code_end__ - __code_start__))
                0x000032b8                __CUSTOM_ROM = __CODE_END

.customSectionBlock
                0x20000000        0x0 load address 0x000032b8
                0x20000000                __customSection_start__ = .
 *(.customSection)
                0x20000000                __customSection_end__ = .
                0x000032b8                __CUSTOM_END = (__CUSTOM_ROM + (__customSection_end__ - __customSection_start__))

.bss            0x20000000     0x21cc
                0x20000000                . = ALIGN (0x4)
                0x20000000                __BSS_START = .
                0x20000000                __bss_start__ = .
 *(.bss)
 *(.bss*)
 .bss.g_clockManCallbacksArr
                0x20000000        0x4 ./Generated_Code/clockMan1.o
                0x20000000                g_clockManCallbacksArr
 .bss.g_clockState
                0x20000004       0x10 ./SDK/platform/drivers/src/clock/S32K1xx/clock_S32K1xx.o
 .bss.g_interruptDisableCount
                0x20000014        0x4 ./SDK/platform/drivers/src/interrupt/interrupt_manager.o
 .bss.pxCurrentTCB
                0x20000018        0x4 ./SDK/rtos/FreeRTOS_S32K/Source/tasks.o
                0x20000018                pxCurrentTCB
 .bss.pxDelayedTaskList
                0x2000001c        0x4 ./SDK/rtos/FreeRTOS_S32K/Source/tasks.o
 .bss.pxOverflowDelayedTaskList
                0x20000020        0x4 ./SDK/rtos/FreeRTOS_S32K/Source/tasks.o
 .bss.pxReadyTasksLists
                0x20000024       0x64 ./SDK/rtos/FreeRTOS_S32K/Source/tasks.o
 .bss.uxCurrentNumberOfTasks
                0x20000088        0x4 ./SDK/rtos/FreeRTOS_S32K/Source/tasks.o
 .bss.uxDeletedTasksWaitingCleanUp
                0x2000008c        0x4 ./SDK/rtos/FreeRTOS_S32K/Source/tasks.o
 .bss.uxPendedTicks
                0x20000090        0x4 ./SDK/rtos/FreeRTOS_S32K/Source/tasks.o
 .bss.uxSchedulerSuspended
                0x20000094        0x4 ./SDK/rtos/FreeRTOS_S32K/Source/tasks.o
 .bss.uxTaskNumber
                0x20000098        0x4 ./SDK/rtos/FreeRTOS_S32K/Source/tasks.o
 .bss.uxTopReadyPriority
                0x2000009c        0x4 ./SDK/rtos/FreeRTOS_S32K/Source/tasks.o
 .bss.xDelayedTaskList1
                0x200000a0       0x14 ./SDK/rtos/FreeRTOS_S32K/Source/tasks.o
 .bss.xDelayedTaskList2
                0x200000b4       0x14 ./SDK/rtos/FreeRTOS_S32K/Source/tasks.o
 .bss.xIdleTaskHandle
                0x200000c8        0x4 ./SDK/rtos/FreeRTOS_S32K/Source/tasks.o
 .bss.xNextTaskUnblockTime
                0x200000cc        0x4 ./SDK/rtos/FreeRTOS_S32K/Source/tasks.o
 .bss.xNumOfOverflows
                0x200000d0        0x4 ./SDK/rtos/FreeRTOS_S32K/Source/tasks.o
 .bss.xPendingReadyList
                0x200000d4       0x14 ./SDK/rtos/FreeRTOS_S32K/Source/tasks.o
 .bss.xSchedulerRunning
                0x200000e8        0x4 ./SDK/rtos/FreeRTOS_S32K/Source/tasks.o
 .bss.xSuspendedTaskList
                0x200000ec       0x14 ./SDK/rtos/FreeRTOS_S32K/Source/tasks.o
 .bss.xTasksWaitingTermination
                0x20000100       0x14 ./SDK/rtos/FreeRTOS_S32K/Source/tasks.o
 .bss.xTickCount
                0x20000114        0x4 ./SDK/rtos/FreeRTOS_S32K/Source/tasks.o
 .bss.xYieldPending
                0x20000118        0x4 ./SDK/rtos/FreeRTOS_S32K/Source/tasks.o
 .bss.pxCurrentTimerList
                0x2000011c        0x4 ./SDK/rtos/FreeRTOS_S32K/Source/timers.o
 .bss.pxOverflowTimerList
                0x20000120        0x4 ./SDK/rtos/FreeRTOS_S32K/Source/timers.o
 .bss.xActiveTimerList1
                0x20000124       0x14 ./SDK/rtos/FreeRTOS_S32K/Source/timers.o
 .bss.xActiveTimerList2
                0x20000138       0x14 ./SDK/rtos/FreeRTOS_S32K/Source/timers.o
 .bss.xLastTime.6392
                0x2000014c        0x4 ./SDK/rtos/FreeRTOS_S32K/Source/timers.o
 .bss.xTimerQueue
                0x20000150        0x4 ./SDK/rtos/FreeRTOS_S32K/Source/timers.o
 .bss.xTimerTaskHandle
                0x20000154        0x4 ./SDK/rtos/FreeRTOS_S32K/Source/timers.o
 .bss.ucMaxSysCallPriority
                0x20000158        0x1 ./SDK/rtos/FreeRTOS_S32K/Source/portable/GCC/ARM_CM4F/port.o
 *fill*         0x20000159        0x3 
 .bss.ulMaxPRIGROUPValue
                0x2000015c        0x4 ./SDK/rtos/FreeRTOS_S32K/Source/portable/GCC/ARM_CM4F/port.o
 .bss.ucHeap    0x20000160     0x2000 ./SDK/rtos/FreeRTOS_S32K/Source/portable/MemMang/heap_2.o
 .bss.xEnd      0x20002160        0x8 ./SDK/rtos/FreeRTOS_S32K/Source/portable/MemMang/heap_2.o
 .bss.xHeapHasBeenInitialised.6103
                0x20002168        0x4 ./SDK/rtos/FreeRTOS_S32K/Source/portable/MemMang/heap_2.o
 .bss.xStart    0x2000216c        0x8 ./SDK/rtos/FreeRTOS_S32K/Source/portable/MemMang/heap_2.o
 .bss.exit_code
                0x20002174        0x4 ./Sources/main.o
                0x20002174                exit_code
 *(COMMON)
 COMMON         0x20002178       0x14 ./SDK/platform/drivers/src/clock/S32K1xx/clock_S32K1xx.o
                0x20002178                g_xtal0ClkFreq
                0x2000217c                g_RtcClkInFreq
                0x20002180                g_TClkFreq
 COMMON         0x2000218c       0x40 ./SDK/rtos/FreeRTOS_S32K/Source/queue.o
                0x2000218c                xQueueRegistry
                0x200021cc                . = ALIGN (0x4)
                0x200021cc                __bss_end__ = .
                0x200021cc                __BSS_END = .

.heap           0x200021cc      0x404
                0x200021d0                . = ALIGN (0x8)
 *fill*         0x200021cc        0x4 
                0x200021d0                __end__ = .
                0x200021d0                __heap_start__ = .
                [!provide]                PROVIDE (end, .)
                [!provide]                PROVIDE (_end, .)
                [!provide]                PROVIDE (__end, .)
                0x200021d0                __HeapBase = .
                0x200025d0                . = (. + HEAP_SIZE)
 *fill*         0x200021d0      0x400 
                0x200025d0                __HeapLimit = .
                0x200025d0                __heap_limit = .
                0x200025d0                __heap_end__ = .
                0x20007000                __StackTop = (ORIGIN (m_data_2) + LENGTH (m_data_2))
                0x20006c00                __StackLimit = (__StackTop - STACK_SIZE)
                0x20007000                PROVIDE (__stack, __StackTop)
                0x20007000                __RAM_END = __StackTop

.stack          0x20006c00      0x400
                0x20006c00                . = ALIGN (0x8)
                0x20006c00                __stack_start__ = .
                0x20007000                . = (. + STACK_SIZE)
 *fill*         0x20006c00      0x400 
                0x20007000                __stack_end__ = .

.ARM.attributes
                0x00000000       0x30
 *(.ARM.attributes)
 .ARM.attributes
                0x00000000       0x22 c:/nxp/s32ds_arm_v2.2/s32ds/build_tools/gcc_v6.3/gcc-6.3-arm32-eabi/bin/../lib/gcc/arm-none-eabi/6.3.1/thumb/v7e-m/fpv4-sp/hard/crti.o
 .ARM.attributes
                0x00000022       0x39 ./Generated_Code/clockMan1.o
 .ARM.attributes
                0x0000005b       0x39 ./Generated_Code/pin_mux.o
 .ARM.attributes
                0x00000094       0x1f ./Project_Settings/Startup_Code/startup_S32K144.o
 .ARM.attributes
                0x000000b3       0x39 ./SDK/platform/devices/S32K144/startup/system_S32K144.o
 .ARM.attributes
                0x000000ec       0x39 ./SDK/platform/devices/startup.o
 .ARM.attributes
                0x00000125       0x39 ./SDK/platform/drivers/src/clock/S32K1xx/clock_S32K1xx.o
 .ARM.attributes
                0x0000015e       0x39 ./SDK/platform/drivers/src/interrupt/interrupt_manager.o
 .ARM.attributes
                0x00000197       0x39 ./SDK/platform/drivers/src/pins/pins_driver.o
 .ARM.attributes
                0x000001d0       0x39 ./SDK/platform/drivers/src/pins/pins_port_hw_access.o
 .ARM.attributes
                0x00000209       0x39 ./SDK/rtos/FreeRTOS_S32K/Source/list.o
 .ARM.attributes
                0x00000242       0x39 ./SDK/rtos/FreeRTOS_S32K/Source/queue.o
 .ARM.attributes
                0x0000027b       0x39 ./SDK/rtos/FreeRTOS_S32K/Source/tasks.o
 .ARM.attributes
                0x000002b4       0x39 ./SDK/rtos/FreeRTOS_S32K/Source/timers.o
 .ARM.attributes
                0x000002ed       0x39 ./SDK/rtos/FreeRTOS_S32K/Source/portable/GCC/ARM_CM4F/port.o
 .ARM.attributes
                0x00000326       0x39 ./SDK/rtos/FreeRTOS_S32K/Source/portable/MemMang/heap_2.o
 .ARM.attributes
                0x0000035f       0x39 ./Sources/app/app.o
 .ARM.attributes
                0x00000398       0x39 ./Sources/bsp/bsp_board.o
 .ARM.attributes
                0x000003d1       0x39 ./Sources/bsp/bsp_hooks.o
 .ARM.attributes
                0x0000040a       0x39 ./Sources/drivers/adc/adc_drv.o
 .ARM.attributes
                0x00000443       0x39 ./Sources/drivers/can/can_drv.o
 .ARM.attributes
                0x0000047c       0x39 ./Sources/drivers/gpio/gpio_drv.o
 .ARM.attributes
                0x000004b5       0x39 ./Sources/drivers/lpuart/lpuart_drv.o
 .ARM.attributes
                0x000004ee       0x39 ./Sources/drivers/peripherals.o
 .ARM.attributes
                0x00000527       0x39 ./Sources/main.o
 .ARM.attributes
                0x00000560       0x39 ./Sources/tasks/task_startup.o
 .ARM.attributes
                0x00000599       0x34 C:/NXP/S32DS_ARM_v2.2/S32DS/build_tools/gcc_v6.3/gcc-6.3-arm32-eabi/arm-none-eabi/newlib/lib/thumb/v7e-m/fpv4-sp/hard\libc_nano.a(lib_a-memcpy-stub.o)
 .ARM.attributes
                0x000005cd       0x34 C:/NXP/S32DS_ARM_v2.2/S32DS/build_tools/gcc_v6.3/gcc-6.3-arm32-eabi/arm-none-eabi/newlib/lib/thumb/v7e-m/fpv4-sp/hard\libc_nano.a(lib_a-memset.o)
                0x00000001                ASSERT ((__StackLimit >= __HeapLimit), region m_data_2 overflowed with stack and heap)
OUTPUT(freertos_s32k144_framework.elf elf32-littlearm)

.debug_info     0x00000000    0x16b1b
 .debug_info    0x00000000     0x15f8 ./Generated_Code/clockMan1.o
 .debug_info    0x000015f8      0x40a ./Generated_Code/pin_mux.o
 .debug_info    0x00001a02       0x26 ./Project_Settings/Startup_Code/startup_S32K144.o
 .debug_info    0x00001a28      0x521 ./SDK/platform/devices/S32K144/startup/system_S32K144.o
 .debug_info    0x00001f49      0x2ad ./SDK/platform/devices/startup.o
 .debug_info    0x000021f6     0x606d ./SDK/platform/drivers/src/clock/S32K1xx/clock_S32K1xx.o
 .debug_info    0x00008263      0xb9d ./SDK/platform/drivers/src/interrupt/interrupt_manager.o
 .debug_info    0x00008e00     0x14ba ./SDK/platform/drivers/src/pins/pins_driver.o
 .debug_info    0x0000a2ba      0x9a5 ./SDK/platform/drivers/src/pins/pins_port_hw_access.o
 .debug_info    0x0000ac5f      0xaa8 ./SDK/rtos/FreeRTOS_S32K/Source/list.o
 .debug_info    0x0000b707     0x276a ./SDK/rtos/FreeRTOS_S32K/Source/queue.o
 .debug_info    0x0000de71     0x313f ./SDK/rtos/FreeRTOS_S32K/Source/tasks.o
 .debug_info    0x00010fb0     0x1a95 ./SDK/rtos/FreeRTOS_S32K/Source/timers.o
 .debug_info    0x00012a45      0x560 ./SDK/rtos/FreeRTOS_S32K/Source/portable/GCC/ARM_CM4F/port.o
 .debug_info    0x00012fa5      0xb85 ./SDK/rtos/FreeRTOS_S32K/Source/portable/MemMang/heap_2.o
 .debug_info    0x00013b2a      0x164 ./Sources/app/app.o
 .debug_info    0x00013c8e     0x1537 ./Sources/bsp/bsp_board.o
 .debug_info    0x000151c5      0x187 ./Sources/bsp/bsp_hooks.o
 .debug_info    0x0001534c       0x3b ./Sources/drivers/adc/adc_drv.o
 .debug_info    0x00015387       0x3b ./Sources/drivers/can/can_drv.o
 .debug_info    0x000153c2       0x3b ./Sources/drivers/gpio/gpio_drv.o
 .debug_info    0x000153fd       0x3b ./Sources/drivers/lpuart/lpuart_drv.o
 .debug_info    0x00015438       0x90 ./Sources/drivers/peripherals.o
 .debug_info    0x000154c8     0x1502 ./Sources/main.o
 .debug_info    0x000169ca      0x151 ./Sources/tasks/task_startup.o

.debug_abbrev   0x00000000     0x27a7
 .debug_abbrev  0x00000000      0x13d ./Generated_Code/clockMan1.o
 .debug_abbrev  0x0000013d       0xcd ./Generated_Code/pin_mux.o
 .debug_abbrev  0x0000020a       0x14 ./Project_Settings/Startup_Code/startup_S32K144.o
 .debug_abbrev  0x0000021e      0x141 ./SDK/platform/devices/S32K144/startup/system_S32K144.o
 .debug_abbrev  0x0000035f       0xe1 ./SDK/platform/devices/startup.o
 .debug_abbrev  0x00000440      0x409 ./SDK/platform/drivers/src/clock/S32K1xx/clock_S32K1xx.o
 .debug_abbrev  0x00000849      0x24e ./SDK/platform/drivers/src/interrupt/interrupt_manager.o
 .debug_abbrev  0x00000a97      0x2f6 ./SDK/platform/drivers/src/pins/pins_driver.o
 .debug_abbrev  0x00000d8d      0x232 ./SDK/platform/drivers/src/pins/pins_port_hw_access.o
 .debug_abbrev  0x00000fbf      0x1da ./SDK/rtos/FreeRTOS_S32K/Source/list.o
 .debug_abbrev  0x00001199      0x3b0 ./SDK/rtos/FreeRTOS_S32K/Source/queue.o
 .debug_abbrev  0x00001549      0x3d4 ./SDK/rtos/FreeRTOS_S32K/Source/tasks.o
 .debug_abbrev  0x0000191d      0x387 ./SDK/rtos/FreeRTOS_S32K/Source/timers.o
 .debug_abbrev  0x00001ca4      0x22a ./SDK/rtos/FreeRTOS_S32K/Source/portable/GCC/ARM_CM4F/port.o
 .debug_abbrev  0x00001ece      0x29e ./SDK/rtos/FreeRTOS_S32K/Source/portable/MemMang/heap_2.o
 .debug_abbrev  0x0000216c       0xc0 ./Sources/app/app.o
 .debug_abbrev  0x0000222c      0x176 ./Sources/bsp/bsp_board.o
 .debug_abbrev  0x000023a2       0xe0 ./Sources/bsp/bsp_hooks.o
 .debug_abbrev  0x00002482       0x2f ./Sources/drivers/adc/adc_drv.o
 .debug_abbrev  0x000024b1       0x2f ./Sources/drivers/can/can_drv.o
 .debug_abbrev  0x000024e0       0x2f ./Sources/drivers/gpio/gpio_drv.o
 .debug_abbrev  0x0000250f       0x2f ./Sources/drivers/lpuart/lpuart_drv.o
 .debug_abbrev  0x0000253e       0x4d ./Sources/drivers/peripherals.o
 .debug_abbrev  0x0000258b      0x170 ./Sources/main.o
 .debug_abbrev  0x000026fb       0xac ./Sources/tasks/task_startup.o

.debug_aranges  0x00000000      0x908
 .debug_aranges
                0x00000000       0x18 ./Generated_Code/clockMan1.o
 .debug_aranges
                0x00000018       0x18 ./Generated_Code/pin_mux.o
 .debug_aranges
                0x00000030       0x20 ./Project_Settings/Startup_Code/startup_S32K144.o
 .debug_aranges
                0x00000050       0x30 ./SDK/platform/devices/S32K144/startup/system_S32K144.o
 .debug_aranges
                0x00000080       0x20 ./SDK/platform/devices/startup.o
 .debug_aranges
                0x000000a0      0x120 ./SDK/platform/drivers/src/clock/S32K1xx/clock_S32K1xx.o
 .debug_aranges
                0x000001c0       0x70 ./SDK/platform/drivers/src/interrupt/interrupt_manager.o
 .debug_aranges
                0x00000230       0xe0 ./SDK/platform/drivers/src/pins/pins_driver.o
 .debug_aranges
                0x00000310       0x40 ./SDK/platform/drivers/src/pins/pins_port_hw_access.o
 .debug_aranges
                0x00000350       0x40 ./SDK/rtos/FreeRTOS_S32K/Source/list.o
 .debug_aranges
                0x00000390      0x108 ./SDK/rtos/FreeRTOS_S32K/Source/queue.o
 .debug_aranges
                0x00000498      0x1b0 ./SDK/rtos/FreeRTOS_S32K/Source/tasks.o
 .debug_aranges
                0x00000648       0x98 ./SDK/rtos/FreeRTOS_S32K/Source/timers.o
 .debug_aranges
                0x000006e0       0x80 ./SDK/rtos/FreeRTOS_S32K/Source/portable/GCC/ARM_CM4F/port.o
 .debug_aranges
                0x00000760       0x38 ./SDK/rtos/FreeRTOS_S32K/Source/portable/MemMang/heap_2.o
 .debug_aranges
                0x00000798       0x20 ./Sources/app/app.o
 .debug_aranges
                0x000007b8       0x20 ./Sources/bsp/bsp_board.o
 .debug_aranges
                0x000007d8       0x48 ./Sources/bsp/bsp_hooks.o
 .debug_aranges
                0x00000820       0x20 ./Sources/drivers/adc/adc_drv.o
 .debug_aranges
                0x00000840       0x20 ./Sources/drivers/can/can_drv.o
 .debug_aranges
                0x00000860       0x20 ./Sources/drivers/gpio/gpio_drv.o
 .debug_aranges
                0x00000880       0x20 ./Sources/drivers/lpuart/lpuart_drv.o
 .debug_aranges
                0x000008a0       0x20 ./Sources/drivers/peripherals.o
 .debug_aranges
                0x000008c0       0x20 ./Sources/main.o
 .debug_aranges
                0x000008e0       0x28 ./Sources/tasks/task_startup.o

.debug_macro    0x00000000    0x10ac4
 .debug_macro   0x00000000      0x163 ./Generated_Code/clockMan1.o
 .debug_macro   0x00000163     0xed32 ./Generated_Code/clockMan1.o
 .debug_macro   0x0000ee95       0x10 ./Generated_Code/clockMan1.o
 .debug_macro   0x0000eea5       0xdd ./Generated_Code/pin_mux.o
 .debug_macro   0x0000ef82       0xb6 ./SDK/platform/devices/S32K144/startup/system_S32K144.o
 .debug_macro   0x0000f038       0xb6 ./SDK/platform/devices/startup.o
 .debug_macro   0x0000f0ee       0x40 ./SDK/platform/devices/startup.o
 .debug_macro   0x0000f12e      0x2a3 ./SDK/platform/drivers/src/clock/S32K1xx/clock_S32K1xx.o
 .debug_macro   0x0000f3d1       0xb7 ./SDK/platform/drivers/src/interrupt/interrupt_manager.o
 .debug_macro   0x0000f488       0xde ./SDK/platform/drivers/src/pins/pins_driver.o
 .debug_macro   0x0000f566       0xde ./SDK/platform/drivers/src/pins/pins_port_hw_access.o
 .debug_macro   0x0000f644      0x172 ./SDK/rtos/FreeRTOS_S32K/Source/list.o
 .debug_macro   0x0000f7b6      0x1e4 ./SDK/rtos/FreeRTOS_S32K/Source/queue.o
 .debug_macro   0x0000f99a       0x16 ./SDK/rtos/FreeRTOS_S32K/Source/queue.o
 .debug_macro   0x0000f9b0       0x35 ./SDK/rtos/FreeRTOS_S32K/Source/queue.o
 .debug_macro   0x0000f9e5       0x86 ./SDK/rtos/FreeRTOS_S32K/Source/queue.o
 .debug_macro   0x0000fa6b      0x2b0 ./SDK/rtos/FreeRTOS_S32K/Source/tasks.o
 .debug_macro   0x0000fd1b       0x10 ./SDK/rtos/FreeRTOS_S32K/Source/tasks.o
 .debug_macro   0x0000fd2b       0x1c ./SDK/rtos/FreeRTOS_S32K/Source/tasks.o
 .debug_macro   0x0000fd47       0x10 ./SDK/rtos/FreeRTOS_S32K/Source/tasks.o
 .debug_macro   0x0000fd57       0x10 ./SDK/rtos/FreeRTOS_S32K/Source/tasks.o
 .debug_macro   0x0000fd67       0xb6 ./SDK/rtos/FreeRTOS_S32K/Source/tasks.o
 .debug_macro   0x0000fe1d       0x16 ./SDK/rtos/FreeRTOS_S32K/Source/tasks.o
 .debug_macro   0x0000fe33      0x130 ./SDK/rtos/FreeRTOS_S32K/Source/tasks.o
 .debug_macro   0x0000ff63      0x1b5 ./SDK/rtos/FreeRTOS_S32K/Source/timers.o
 .debug_macro   0x00010118      0x196 ./SDK/rtos/FreeRTOS_S32K/Source/portable/GCC/ARM_CM4F/port.o
 .debug_macro   0x000102ae      0x19f ./SDK/rtos/FreeRTOS_S32K/Source/portable/MemMang/heap_2.o
 .debug_macro   0x0001044d       0xf8 ./Sources/app/app.o
 .debug_macro   0x00010545      0x18c ./Sources/bsp/bsp_board.o
 .debug_macro   0x000106d1       0xd0 ./Sources/bsp/bsp_hooks.o
 .debug_macro   0x000107a1       0x1b ./Sources/drivers/adc/adc_drv.o
 .debug_macro   0x000107bc       0x1b ./Sources/drivers/can/can_drv.o
 .debug_macro   0x000107d7       0x1b ./Sources/drivers/gpio/gpio_drv.o
 .debug_macro   0x000107f2       0x1b ./Sources/drivers/lpuart/lpuart_drv.o
 .debug_macro   0x0001080d       0x43 ./Sources/drivers/peripherals.o
 .debug_macro   0x00010850      0x188 ./Sources/main.o
 .debug_macro   0x000109d8       0xec ./Sources/tasks/task_startup.o

.debug_line     0x00000000     0x8c37
 .debug_line    0x00000000      0x6c3 ./Generated_Code/clockMan1.o
 .debug_line    0x000006c3      0x41b ./Generated_Code/pin_mux.o
 .debug_line    0x00000ade       0xd1 ./Project_Settings/Startup_Code/startup_S32K144.o
 .debug_line    0x00000baf      0x44c ./SDK/platform/devices/S32K144/startup/system_S32K144.o
 .debug_line    0x00000ffb      0x3d4 ./SDK/platform/devices/startup.o
 .debug_line    0x000013cf     0x14da ./SDK/platform/drivers/src/clock/S32K1xx/clock_S32K1xx.o
 .debug_line    0x000028a9      0x5c3 ./SDK/platform/drivers/src/interrupt/interrupt_manager.o
 .debug_line    0x00002e6c      0x71e ./SDK/platform/drivers/src/pins/pins_driver.o
 .debug_line    0x0000358a      0x5dd ./SDK/platform/drivers/src/pins/pins_port_hw_access.o
 .debug_line    0x00003b67      0x505 ./SDK/rtos/FreeRTOS_S32K/Source/list.o
 .debug_line    0x0000406c      0xb28 ./SDK/rtos/FreeRTOS_S32K/Source/queue.o
 .debug_line    0x00004b94      0xef0 ./SDK/rtos/FreeRTOS_S32K/Source/tasks.o
 .debug_line    0x00005a84      0x733 ./SDK/rtos/FreeRTOS_S32K/Source/timers.o
 .debug_line    0x000061b7      0x550 ./SDK/rtos/FreeRTOS_S32K/Source/portable/GCC/ARM_CM4F/port.o
 .debug_line    0x00006707      0x53e ./SDK/rtos/FreeRTOS_S32K/Source/portable/MemMang/heap_2.o
 .debug_line    0x00006c45      0x50e ./Sources/app/app.o
 .debug_line    0x00007153      0x72b ./Sources/bsp/bsp_board.o
 .debug_line    0x0000787e      0x430 ./Sources/bsp/bsp_hooks.o
 .debug_line    0x00007cae       0x9c ./Sources/drivers/adc/adc_drv.o
 .debug_line    0x00007d4a       0x9c ./Sources/drivers/can/can_drv.o
 .debug_line    0x00007de6       0xa0 ./Sources/drivers/gpio/gpio_drv.o
 .debug_line    0x00007e86       0xa8 ./Sources/drivers/lpuart/lpuart_drv.o
 .debug_line    0x00007f2e      0x1e0 ./Sources/drivers/peripherals.o
 .debug_line    0x0000810e      0x6e5 ./Sources/main.o
 .debug_line    0x000087f3      0x444 ./Sources/tasks/task_startup.o

.debug_str      0x00000000    0x795dd
 .debug_str     0x00000000    0x6d919 ./Generated_Code/clockMan1.o
                              0x6dd8b (size before relaxing)
 .debug_str     0x0006d919       0x1c ./Generated_Code/pin_mux.o
                              0x68ccb (size before relaxing)
 .debug_str     0x0006d935       0x81 ./Project_Settings/Startup_Code/startup_S32K144.o
                                 0xba (size before relaxing)
 .debug_str     0x0006d9b6      0x219 ./SDK/platform/devices/S32K144/startup/system_S32K144.o
                              0x6885b (size before relaxing)
 .debug_str     0x0006dbcf      0x393 ./SDK/platform/devices/startup.o
                              0x689cd (size before relaxing)
 .debug_str     0x0006df62     0x1e0e ./SDK/platform/drivers/src/clock/S32K1xx/clock_S32K1xx.o
                              0x6c9f6 (size before relaxing)
 .debug_str     0x0006fd70      0x794 ./SDK/platform/drivers/src/interrupt/interrupt_manager.o
                              0x68e4c (size before relaxing)
 .debug_str     0x00070504      0x64b ./SDK/platform/drivers/src/pins/pins_driver.o
                              0x69b29 (size before relaxing)
 .debug_str     0x00070b4f      0x1d9 ./SDK/platform/drivers/src/pins/pins_port_hw_access.o
                              0x69011 (size before relaxing)
 .debug_str     0x00070d28     0x3a55 ./SDK/rtos/FreeRTOS_S32K/Source/list.o
                               0x9fe6 (size before relaxing)
 .debug_str     0x0007477d     0x1753 ./SDK/rtos/FreeRTOS_S32K/Source/queue.o
                               0xb70a (size before relaxing)
 .debug_str     0x00075ed0     0x2362 ./SDK/rtos/FreeRTOS_S32K/Source/tasks.o
                               0xcc44 (size before relaxing)
 .debug_str     0x00078232      0x51f ./SDK/rtos/FreeRTOS_S32K/Source/timers.o
                               0xbb2e (size before relaxing)
 .debug_str     0x00078751      0x7b0 ./SDK/rtos/FreeRTOS_S32K/Source/portable/GCC/ARM_CM4F/port.o
                               0x7b73 (size before relaxing)
 .debug_str     0x00078f01      0x39e ./SDK/rtos/FreeRTOS_S32K/Source/portable/MemMang/heap_2.o
                               0xa85f (size before relaxing)
 .debug_str     0x0007929f       0x88 ./Sources/app/app.o
                               0x7344 (size before relaxing)
 .debug_str     0x00079327       0x2c ./Sources/bsp/bsp_board.o
                              0x6d958 (size before relaxing)
 .debug_str     0x00079353       0x62 ./Sources/bsp/bsp_hooks.o
                               0x7371 (size before relaxing)
 .debug_str     0x000793b5       0x39 ./Sources/drivers/adc/adc_drv.o
                               0x26e8 (size before relaxing)
 .debug_str     0x000793ee       0x39 ./Sources/drivers/can/can_drv.o
                               0x26e8 (size before relaxing)
 .debug_str     0x00079427       0x3d ./Sources/drivers/gpio/gpio_drv.o
                               0x26ec (size before relaxing)
 .debug_str     0x00079464       0x45 ./Sources/drivers/lpuart/lpuart_drv.o
                               0x26f4 (size before relaxing)
 .debug_str     0x000794a9       0x21 ./Sources/drivers/peripherals.o
                               0x2760 (size before relaxing)
 .debug_str     0x000794ca       0x3b ./Sources/main.o
                              0x6d926 (size before relaxing)
 .debug_str     0x00079505       0xd8 ./Sources/tasks/task_startup.o
                               0x73a8 (size before relaxing)

.comment        0x00000000       0xa0
 .comment       0x00000000       0xa0 ./Generated_Code/clockMan1.o
                                 0xa1 (size before relaxing)
 .comment       0x000000a0       0xa1 ./Generated_Code/pin_mux.o
 .comment       0x000000a0       0xa1 ./SDK/platform/devices/S32K144/startup/system_S32K144.o
 .comment       0x000000a0       0xa1 ./SDK/platform/devices/startup.o
 .comment       0x000000a0       0xa1 ./SDK/platform/drivers/src/clock/S32K1xx/clock_S32K1xx.o
 .comment       0x000000a0       0xa1 ./SDK/platform/drivers/src/interrupt/interrupt_manager.o
 .comment       0x000000a0       0xa1 ./SDK/platform/drivers/src/pins/pins_driver.o
 .comment       0x000000a0       0xa1 ./SDK/platform/drivers/src/pins/pins_port_hw_access.o
 .comment       0x000000a0       0xa1 ./SDK/rtos/FreeRTOS_S32K/Source/list.o
 .comment       0x000000a0       0xa1 ./SDK/rtos/FreeRTOS_S32K/Source/queue.o
 .comment       0x000000a0       0xa1 ./SDK/rtos/FreeRTOS_S32K/Source/tasks.o
 .comment       0x000000a0       0xa1 ./SDK/rtos/FreeRTOS_S32K/Source/timers.o
 .comment       0x000000a0       0xa1 ./SDK/rtos/FreeRTOS_S32K/Source/portable/GCC/ARM_CM4F/port.o
 .comment       0x000000a0       0xa1 ./SDK/rtos/FreeRTOS_S32K/Source/portable/MemMang/heap_2.o
 .comment       0x000000a0       0xa1 ./Sources/app/app.o
 .comment       0x000000a0       0xa1 ./Sources/bsp/bsp_board.o
 .comment       0x000000a0       0xa1 ./Sources/bsp/bsp_hooks.o
 .comment       0x000000a0       0xa1 ./Sources/drivers/adc/adc_drv.o
 .comment       0x000000a0       0xa1 ./Sources/drivers/can/can_drv.o
 .comment       0x000000a0       0xa1 ./Sources/drivers/gpio/gpio_drv.o
 .comment       0x000000a0       0xa1 ./Sources/drivers/lpuart/lpuart_drv.o
 .comment       0x000000a0       0xa1 ./Sources/drivers/peripherals.o
 .comment       0x000000a0       0xa1 ./Sources/main.o
 .comment       0x000000a0       0xa1 ./Sources/tasks/task_startup.o

.debug_loc      0x00000000     0xa3f5
 .debug_loc     0x00000000       0xeb ./SDK/platform/devices/S32K144/startup/system_S32K144.o
 .debug_loc     0x000000eb       0xec ./SDK/platform/devices/startup.o
 .debug_loc     0x000001d7     0x4e23 ./SDK/platform/drivers/src/clock/S32K1xx/clock_S32K1xx.o
 .debug_loc     0x00004ffa      0x63c ./SDK/platform/drivers/src/interrupt/interrupt_manager.o
 .debug_loc     0x00005636      0x7c7 ./SDK/platform/drivers/src/pins/pins_driver.o
 .debug_loc     0x00005dfd      0x639 ./SDK/platform/drivers/src/pins/pins_port_hw_access.o
 .debug_loc     0x00006436       0x65 ./SDK/rtos/FreeRTOS_S32K/Source/list.o
 .debug_loc     0x0000649b     0x139c ./SDK/rtos/FreeRTOS_S32K/Source/queue.o
 .debug_loc     0x00007837     0x1d88 ./SDK/rtos/FreeRTOS_S32K/Source/tasks.o
 .debug_loc     0x000095bf      0xa98 ./SDK/rtos/FreeRTOS_S32K/Source/timers.o
 .debug_loc     0x0000a057       0xdc ./SDK/rtos/FreeRTOS_S32K/Source/portable/GCC/ARM_CM4F/port.o
 .debug_loc     0x0000a133      0x2a1 ./SDK/rtos/FreeRTOS_S32K/Source/portable/MemMang/heap_2.o
 .debug_loc     0x0000a3d4       0x21 ./Sources/tasks/task_startup.o

.debug_ranges   0x00000000      0xc88
 .debug_ranges  0x00000000       0x20 ./SDK/platform/devices/S32K144/startup/system_S32K144.o
 .debug_ranges  0x00000020       0x10 ./SDK/platform/devices/startup.o
 .debug_ranges  0x00000030      0x358 ./SDK/platform/drivers/src/clock/S32K1xx/clock_S32K1xx.o
 .debug_ranges  0x00000388       0x98 ./SDK/platform/drivers/src/interrupt/interrupt_manager.o
 .debug_ranges  0x00000420       0xd0 ./SDK/platform/drivers/src/pins/pins_driver.o
 .debug_ranges  0x000004f0       0x48 ./SDK/platform/drivers/src/pins/pins_port_hw_access.o
 .debug_ranges  0x00000538       0x30 ./SDK/rtos/FreeRTOS_S32K/Source/list.o
 .debug_ranges  0x00000568      0x260 ./SDK/rtos/FreeRTOS_S32K/Source/queue.o
 .debug_ranges  0x000007c8      0x280 ./SDK/rtos/FreeRTOS_S32K/Source/tasks.o
 .debug_ranges  0x00000a48       0xd8 ./SDK/rtos/FreeRTOS_S32K/Source/timers.o
 .debug_ranges  0x00000b20       0x70 ./SDK/rtos/FreeRTOS_S32K/Source/portable/GCC/ARM_CM4F/port.o
 .debug_ranges  0x00000b90       0x28 ./SDK/rtos/FreeRTOS_S32K/Source/portable/MemMang/heap_2.o
 .debug_ranges  0x00000bb8       0x10 ./Sources/app/app.o
 .debug_ranges  0x00000bc8       0x10 ./Sources/bsp/bsp_board.o
 .debug_ranges  0x00000bd8       0x38 ./Sources/bsp/bsp_hooks.o
 .debug_ranges  0x00000c10       0x10 ./Sources/drivers/adc/adc_drv.o
 .debug_ranges  0x00000c20       0x10 ./Sources/drivers/can/can_drv.o
 .debug_ranges  0x00000c30       0x10 ./Sources/drivers/gpio/gpio_drv.o
 .debug_ranges  0x00000c40       0x10 ./Sources/drivers/lpuart/lpuart_drv.o
 .debug_ranges  0x00000c50       0x10 ./Sources/drivers/peripherals.o
 .debug_ranges  0x00000c60       0x10 ./Sources/main.o
 .debug_ranges  0x00000c70       0x18 ./Sources/tasks/task_startup.o

.debug_frame    0x00000000     0x15fc
 .debug_frame   0x00000000       0x40 ./SDK/platform/devices/S32K144/startup/system_S32K144.o
 .debug_frame   0x00000040       0x2c ./SDK/platform/devices/startup.o
 .debug_frame   0x0000006c      0x384 ./SDK/platform/drivers/src/clock/S32K1xx/clock_S32K1xx.o
 .debug_frame   0x000003f0       0xd8 ./SDK/platform/drivers/src/interrupt/interrupt_manager.o
 .debug_frame   0x000004c8      0x1e4 ./SDK/platform/drivers/src/pins/pins_driver.o
 .debug_frame   0x000006ac       0xa0 ./SDK/platform/drivers/src/pins/pins_port_hw_access.o
 .debug_frame   0x0000074c       0x6c ./SDK/rtos/FreeRTOS_S32K/Source/list.o
 .debug_frame   0x000007b8      0x374 ./SDK/rtos/FreeRTOS_S32K/Source/queue.o
 .debug_frame   0x00000b2c      0x574 ./SDK/rtos/FreeRTOS_S32K/Source/tasks.o
 .debug_frame   0x000010a0      0x1d0 ./SDK/rtos/FreeRTOS_S32K/Source/timers.o
 .debug_frame   0x00001270      0x100 ./SDK/rtos/FreeRTOS_S32K/Source/portable/GCC/ARM_CM4F/port.o
 .debug_frame   0x00001370       0x70 ./SDK/rtos/FreeRTOS_S32K/Source/portable/MemMang/heap_2.o
 .debug_frame   0x000013e0       0x28 ./Sources/app/app.o
 .debug_frame   0x00001408       0x28 ./Sources/bsp/bsp_board.o
 .debug_frame   0x00001430       0x70 ./Sources/bsp/bsp_hooks.o
 .debug_frame   0x000014a0       0x20 ./Sources/drivers/adc/adc_drv.o
 .debug_frame   0x000014c0       0x20 ./Sources/drivers/can/can_drv.o
 .debug_frame   0x000014e0       0x20 ./Sources/drivers/gpio/gpio_drv.o
 .debug_frame   0x00001500       0x20 ./Sources/drivers/lpuart/lpuart_drv.o
 .debug_frame   0x00001520       0x28 ./Sources/drivers/peripherals.o
 .debug_frame   0x00001548       0x28 ./Sources/main.o
 .debug_frame   0x00001570       0x44 ./Sources/tasks/task_startup.o
 .debug_frame   0x000015b4       0x28 C:/NXP/S32DS_ARM_v2.2/S32DS/build_tools/gcc_v6.3/gcc-6.3-arm32-eabi/arm-none-eabi/newlib/lib/thumb/v7e-m/fpv4-sp/hard\libc_nano.a(lib_a-memcpy-stub.o)
 .debug_frame   0x000015dc       0x20 C:/NXP/S32DS_ARM_v2.2/S32DS/build_tools/gcc_v6.3/gcc-6.3-arm32-eabi/arm-none-eabi/newlib/lib/thumb/v7e-m/fpv4-sp/hard\libc_nano.a(lib_a-memset.o)
